[www.siseems.sems.gob.mx/produccion/index02ef.html]
[backblue.gif]
[fade.gif]
[index.html]
[www.siseems.sems.gob.mx/produccion/themes/Basic/lightwindow.css]
[www.siseems.sems.gob.mx/produccion/themes/Basic/modalbox.css]
[www.siseems.sems.gob.mx/produccion/themes/Basic/style.css]
[www.siseems.sems.gob.mx/produccion/themes/Basic/suggest.css]
[www.siseems.sems.gob.mx/produccion/themes/Basic/ventana-modal.css]
[www.siseems.sems.gob.mx/produccion/js_menu/ThemePanel/theme.css]
[www.siseems.sems.gob.mx/produccion/assets/b53a1cd/captcha742d.html]
[www.siseems.sems.gob.mx/produccion/index8e3b.html]
[www.siseems.sems.gob.mx/produccion/index02ef.html]
[www.siseems.sems.gob.mx/produccion/js_menu/menuVertical.js]
[www.siseems.sems.gob.mx/produccion/assets/e8802adb/clientscripts753b.php]
[www.siseems.sems.gob.mx/produccion/themes/Basic/lightwindow.css]
[www.siseems.sems.gob.mx/produccion/themes/Basic/spinner.gif]
[www.siseems.sems.gob.mx/produccion/themes/Basic/modalbox.css]
[www.siseems.sems.gob.mx/produccion/themes/Basic/image/form/inputFondo.png]
[www.siseems.sems.gob.mx/produccion/themes/Basic/image/fondoMotivo.jpg]
[www.siseems.sems.gob.mx/produccion/themes/Basic/image/sirma-sep.png]
[www.siseems.sems.gob.mx/produccion/themes/Basic/image/lineArtHeader.jpg]
[www.siseems.sems.gob.mx/produccion/themes/Basic/image/bulletArrow.gif]
[www.siseems.sems.gob.mx/produccion/themes/Basic/image/Mal.png]
[www.siseems.sems.gob.mx/produccion/themes/Basic/image/fondo_menu.png]
[www.siseems.sems.gob.mx/produccion/themes/Basic/style.css]
[www.siseems.sems.gob.mx/produccion/themes/Basic/suggest.css]
[www.siseems.sems.gob.mx/produccion/themes/Basic/fondo.png]
[www.siseems.sems.gob.mx/produccion/themes/Basic/ventana-modal.css]
[www.siseems.sems.gob.mx/produccion/js_menu/ThemePanel/theme.css]
[www.siseems.sems.gob.mx/produccion/assets/b53a1cd/captcha742d.html]
[www.siseems.sems.gob.mx/produccion/index8e3b.html]
[www.siseems.sems.gob.mx/produccion/themes/img/blank.html]
[www.siseems.sems.gob.mx/produccion/themes/img/prevlabel.html]
[www.siseems.sems.gob.mx/produccion/themes/img/nextlabel.html]
[www.siseems.sems.gob.mx/produccion/themes/img/black-70.html]
[www.siseems.sems.gob.mx/produccion/themes/img/arrow-up.html]
[www.siseems.sems.gob.mx/produccion/themes/img/arrow-down.html]
[www.siseems.sems.gob.mx/produccion/assets/e8802adb/clientscripts3459.php]
[www.siseems.sems.gob.mx/produccion/themes/Basic/images/bg_header.html]
[www.siseems.sems.gob.mx/produccion/themes/Basic/images/bullet1.html]
[www.siseems.sems.gob.mx/produccion/themes/Basic/images/bullet2.html]
[www.siseems.sems.gob.mx/produccion/themes/Basic/image/calendario/nuevoevento.html]
